{ Using PSTWRITER 23.1.0 d001Apr-15-2025 at 16:12:39 }

#1 WARNING(ORCAP-36038): "No_connect" property on Pin "U2.6" ignored for U2: MAIN, 02 AD8436 (116.84, 30.48). Connecting pin to net "N17614337".
#2 WARNING(ORCAP-36038): "No_connect" property on Pin "U2.20" ignored for U2: MAIN, 02 AD8436 (116.84, 30.48). Connecting pin to net "N17614419".
#3 WARNING(ORCAP-36038): "No_connect" property on Pin "MH4.1" ignored for MH4: MAIN, 02 AD8436 (43.18, 254.00). Connecting pin to net "GND".
#4 WARNING(ORCAP-36038): "No_connect" property on Pin "MH2.1" ignored for MH2: MAIN, 02 AD8436 (43.18, 271.78). Connecting pin to net "GND".
#5 WARNING(ORCAP-36038): "No_connect" property on Pin "MH3.1" ignored for MH3: MAIN, 02 AD8436 (22.86, 254.00). Connecting pin to net "GND".
#6 WARNING(ORCAP-36006): Part Name "DC-044B-5A-2.0_DC-044B-5A-2R0_DC-044B-5A-2.0" is renamed to "DC-044B-5A-2.0_DC-044B-5A-2R0_D".
#7 WARNING(ORCAP-36006): Part Name "CONN RCPT 2_CN1X2-2P54-Z_CN1X2-2P54-Z" is renamed to "CONN RCPT 2_CN1X2-2P54-Z_CN1X2-".
#8 WARNING(ORCAP-36006): Part Name "CONN RCPT 3_CN1X3-2P54-Z_CN1X3-2P54-Z" is renamed to "CONN RCPT 3_CN1X3-2P54-Z_CN1X3-".
#9 WARNING(ORCAP-36006): Part Name "CONN RCPT 2X2_CN2X2-2P54-Z_CN2X2-2P54-Z" is renamed to "CONN RCPT 2X2_CN2X2-2P54-Z_CN2X".
#10 WARNING(ORCAP-36006): Part Name "IND_BEAD_0805_600OHM_1_L0420_FXL0420-4R7-M" is renamed to "IND_BEAD_0805_600OHM_1_L0420_FX".
#11 WARNING(ORCAP-36006): Part Name "AD8436ACPZ_QFN20-4X4X0R5-2R4X2R4_AD8436ACPZ" is renamed to "AD8436ACPZ_QFN20-4X4X0R5-2R4X2R".
#12 WARNING(ORCAP-36006): Part Name "TPS65130RGER_QFN24-4X4X0R5-2R4X2R4_TPS65130RGER" is renamed to "TPS65130RGER_QFN24-4X4X0R5-2R4X".
#13 WARNING(ORCAP-36006): Part Name "TPS7A3001DGNR_HVSSOP8_TPS7A3001DGNR" is renamed to "TPS7A3001DGNR_HVSSOP8_TPS7A3001".
#14 WARNING(ORCAP-36006): Part Name "TPS7A4901DGNR_HVSSOP8_TPS7A4901DGNR" is renamed to "TPS7A4901DGNR_HVSSOP8_TPS7A4901".
#15 WARNING(ORCAP-36006): Part Name "TYPE-C_16P_TYPE-C-31-M-12_TYPE-C-31-M-12" is renamed to "TYPE-C_16P_TYPE-C-31-M-12_TYPE-".
INFO(ORCAP-36080): Scanning netlist files ...

Loading... G:\github\DebugTool\HARDWARE\HY_AD8436_V10_250412\SCH\ALLEGRO\pstchip.dat

Loading... G:\github\DebugTool\HARDWARE\HY_AD8436_V10_250412\SCH\ALLEGRO\pstchip.dat

Loading... G:\github\DebugTool\HARDWARE\HY_AD8436_V10_250412\SCH\ALLEGRO\pstxprt.dat

Loading... G:\github\DebugTool\HARDWARE\HY_AD8436_V10_250412\SCH\ALLEGRO\pstxnet.dat
packaging the design view...