{ Using PSTWRITER 24.1.0 d001Aug-16-2025 at 11:41:44 }

#1 WARNING(ORCAP-36038): "No_connect" property on Pin "U5.59" ignored for U5: MAIN, 02 CHARGER (88.90, 10.16). Connecting pin to net "VBUS_I".
#2 WARNING(ORCAP-36038): "No_connect" property on Pin "U5.52" ignored for U5: MAIN, 02 CHARGER (88.90, 10.16). Connecting pin to net "DPC".
#3 WARNING(ORCAP-36038): "No_connect" property on Pin "U5.56" ignored for U5: MAIN, 02 CHARGER (88.90, 10.16). Connecting pin to net "DMA1".
#4 WARNING(ORCAP-36038): "No_connect" property on Pin "U5.55" ignored for U5: MAIN, 02 CHARGER (88.90, 10.16). Connecting pin to net "DPA1".
#5 WARNING(ORCAP-36038): "No_connect" property on Pin "U5.58" ignored for U5: MAIN, 02 CHARGER (88.90, 10.16). Connecting pin to net "VOUT1G".
#6 WARNING(ORCAP-36038): "No_connect" property on Pin "U5.57" ignored for U5: MAIN, 02 CHARGER (88.90, 10.16). Connecting pin to net "VOUT_1".
#7 WARNING(ORCAP-36038): "No_connect" property on Pin "H1.1" ignored for H1: MAIN, 02 CHARGER (177.80, 119.38). Connecting pin to net "VCC_BAT".
#8 WARNING(ORCAP-36038): "No_connect" property on Pin "H2.1" ignored for H2: MAIN, 02 CHARGER (177.80, 154.94). Connecting pin to net "GND".
#9 WARNING(ORCAP-36038): "No_connect" property on Pin "H6.1" ignored for H6: MAIN, 02 CHARGER (30.48, 38.10). Connecting pin to net "GND".
#10 WARNING(ORCAP-36038): "No_connect" property on Pin "H3.1" ignored for H3: MAIN, 02 CHARGER (10.16, 15.24). Connecting pin to net "GND".
#11 WARNING(ORCAP-36038): "No_connect" property on Pin "H5.1" ignored for H5: MAIN, 02 CHARGER (10.16, 38.10). Connecting pin to net "GND".
#12 WARNING(ORCAP-36038): "No_connect" property on Pin "H4.1" ignored for H4: MAIN, 02 CHARGER (30.48, 15.24). Connecting pin to net "GND".
#13 WARNING(ORCAP-36038): "No_connect" property on Pin "U5.6" ignored for U5: MAIN, 02 CHARGER (88.90, 10.16). Connecting pin to net "EMK_CTRL1".
#14 WARNING(ORCAP-36038): "No_connect" property on Pin "U5.7" ignored for U5: MAIN, 02 CHARGER (88.90, 10.16). Connecting pin to net "EMK_CTRL2".
#15 WARNING(ORCAP-36006): Part Name "CAPT_100UF_3528_6R3V_10%_LXXXX_CAP-6R3X7R7-SMD_100UF_35V" is renamed to "CAPT_100UF_3528_6R3V_10%_LXXXX_".
#16 WARNING(ORCAP-36006): Part Name "HOLE_HOLE6R90X4R20_SMTSO3040CTJ/NI" is renamed to "HOLE_HOLE6R90X4R20_SMTSO3040C_1".
#17 WARNING(ORCAP-36006): Part Name "IND_BEAD_0805_600OHM_1_L13065_FXL1360-100-M" is renamed to "IND_BEAD_0805_600OHM_1_L13065_F".
#18 WARNING(ORCAP-36006): Part Name "SI4497DY-T1-GE3_2_DFN3X3_WSD3030DN33" is renamed to "SI4497DY-T1-GE3_2_DFN3X3_WSD303".
#19 WARNING(ORCAP-36006): Part Name "R_GENERIC_0_CN1X2-2P54-Z_NTCG163JF103FT1S" is renamed to "R_GENERIC_0_CN1X2-2P54-Z_NTCG16".
#20 WARNING(ORCAP-36006): Part Name "SWITCH-SPST-4P_SW-6X6X6-L_TS-1002N-06026" is renamed to "SWITCH-SPST-4P_SW-6X6X6-L_TS-10".
#21 WARNING(ORCAP-36006): Part Name "AGM406MNQ_WQFN8-5X6_AGM406MNQ/NI" is renamed to "AGM406MNQ_WQFN8-5X6_AGM406MNQ/N".
#22 WARNING(ORCAP-36006): Part Name "AMS1117-3_0.3_SOT89-3L_ME6203A50PG" is renamed to "AMS1117-3_0.3_SOT89-3L_ME6203A5".
#23 WARNING(ORCAP-36006): Part Name "IP5389_QFN64-8X8X0R4-6R2X6R2_IP5389" is renamed to "IP5389_QFN64-8X8X0R4-6R2X6R2_IP".
#24 WARNING(ORCAP-36006): Part Name "TYPE-C_16P_TYPE-C-31-M-12_TYPE-C-31-M-12" is renamed to "TYPE-C_16P_TYPE-C-31-M-12_TYPE-".
INFO(ORCAP-36080): Scanning netlist files ...

Loading... G:\github\DebugTool\HARDWARE\HY_POWERBANK_V10_250816\SCH\ALLEGRO\pstchip.dat

Loading... G:\github\DebugTool\HARDWARE\HY_POWERBANK_V10_250816\SCH\ALLEGRO\pstchip.dat

Loading... G:\github\DebugTool\HARDWARE\HY_POWERBANK_V10_250816\SCH\ALLEGRO\pstxprt.dat

Loading... G:\github\DebugTool\HARDWARE\HY_POWERBANK_V10_250816\SCH\ALLEGRO\pstxnet.dat
packaging the design view...