{ Using PSTWRITER 24.1.0 d001Sep-09-2025 at 16:40:05 }

#1 WARNING(ORCAP-36038): "No_connect" property on Pin "U1.6" ignored for U1: MAIN, 02 CHARGER (233.68, 50.80). Connecting pin to net "DMB".
#2 WARNING(ORCAP-36038): "No_connect" property on Pin "U1.31" ignored for U1: MAIN, 02 CHARGER (233.68, 50.80). Connecting pin to net "VING".
#3 WARNING(ORCAP-36038): "No_connect" property on Pin "U1.7" ignored for U1: MAIN, 02 CHARGER (233.68, 50.80). Connecting pin to net "DPB".
#4 WARNING(ORCAP-36038): "No_connect" property on Pin "U1.35" ignored for U1: MAIN, 02 CHARGER (233.68, 50.80). Connecting pin to net "VOUT2G".
#5 WARNING(ORCAP-36038): "No_connect" property on Pin "U1.36" ignored for U1: MAIN, 02 CHARGER (233.68, 50.80). Connecting pin to net "VOUT1G".
#6 WARNING(ORCAP-36038): "No_connect" property on Pin "U1.38" ignored for U1: MAIN, 02 CHARGER (233.68, 50.80). Connecting pin to net "DMA1".
#7 WARNING(ORCAP-36038): "No_connect" property on Pin "U1.40" ignored for U1: MAIN, 02 CHARGER (233.68, 50.80). Connecting pin to net "DMA2".
#8 WARNING(ORCAP-36038): "No_connect" property on Pin "U1.1" ignored for U1: MAIN, 02 CHARGER (233.68, 50.80). Connecting pin to net "DPA2".
#9 WARNING(ORCAP-36038): "No_connect" property on Pin "U1.39" ignored for U1: MAIN, 02 CHARGER (233.68, 50.80). Connecting pin to net "DPA1".
#10 WARNING(ORCAP-36038): "No_connect" property on Pin "MH3.1" ignored for MH3: MAIN, 02 CHARGER (233.68, 182.88). Connecting pin to net "GND".
#11 WARNING(ORCAP-36038): "No_connect" property on Pin "Q1.1" ignored for Q1: MAIN, 02 CHARGER (76.20, 50.80). Connecting pin to net "VCC_VMID".
INFO(ORCAP-36102): 'Differential Pair' DRC check Warnings:
INFO(ORCAP-17055): Differential pair DP1 has only one net DPB associated with it. A valid differential pair must have two nets associated with it. 

#12 WARNING(ORCAP-36006): Part Name "CAPT_100UF_3528_6R3V_10%_LXXXX_CAP-6R3X7R7-SMD_100UF_35V" is renamed to "CAPT_100UF_3528_6R3V_10%_LXXXX_".
#13 WARNING(ORCAP-36006): Part Name "CONN RCPT 2_CN1X2-2P54-Z_CN1X2-2P54-Z" is renamed to "CONN RCPT 2_CN1X2-2P54-Z_CN1X2-".
#14 WARNING(ORCAP-36006): Part Name "IND_BEAD_0805_600OHM_1_L6030_FXL0630-2R2-M" is renamed to "IND_BEAD_0805_600OHM_1_L6030_FX".
#15 WARNING(ORCAP-36006): Part Name "SI4497DY-T1-GE3_0_DFN3X3_WSD30L40DN" is renamed to "SI4497DY-T1-GE3_0_DFN3X3_WSD30L".
#16 WARNING(ORCAP-36006): Part Name "SI4497DY-T1-GE3_2_DFN3X3_WSD3030DN33" is renamed to "SI4497DY-T1-GE3_2_DFN3X3_WSD303".
#17 WARNING(ORCAP-36006): Part Name "R_GENERIC_0_R1206_100K " is renamed to "R_GENERIC_0_R1206_100K".
#18 WARNING(ORCAP-36006): Part Name "SWITCH-SPST-4P_K2-1112SW-A4SW-04_K2-1112SW-A4SW-04" is renamed to "SWITCH-SPST-4P_K2-1112SW-A4SW-0".
#19 WARNING(ORCAP-36006): Part Name "IP5328P_0_QFN40-6X6X0R5-4R6X4R6_IP5328P" is renamed to "IP5328P_0_QFN40-6X6X0R5-4R6X4R6".
#20 WARNING(ORCAP-36006): Part Name "TYPE-C_16P_TYPE-C-31-M-12_TYPE-C-31-M-12" is renamed to "TYPE-C_16P_TYPE-C-31-M-12_TYPE-".
INFO(ORCAP-36080): Scanning netlist files ...

Loading... G:\github\DebugTool\HARDWARE\HY_5328_V10_250909\SCH\ALLEGRO\pstchip.dat

Loading... G:\github\DebugTool\HARDWARE\HY_5328_V10_250909\SCH\ALLEGRO\pstchip.dat

Loading... G:\github\DebugTool\HARDWARE\HY_5328_V10_250909\SCH\ALLEGRO\pstxprt.dat

Loading... G:\github\DebugTool\HARDWARE\HY_5328_V10_250909\SCH\ALLEGRO\pstxnet.dat
packaging the design view...